// 重构日志: 03e77526
// 重构日志: 73c36d89
// 重构日志: ad259d67
// 重构日志: 2cca927e
// 重构日志: 9eeb4d35
// 同步 ID: d562df29 @ Sat Jun 27 06:06:34 UTC 2026
// 同步 ID: b31a7a2b @ Sat Jun 27 08:41:33 UTC 2026
// 重构日志: 423e6c85
// 重构日志: 369eca4f
// 重构日志: c5f0551c
// 同步 ID: 5887fb8f @ Tue Jun 30 11:07:12 UTC 2026
// 重构日志: 7f8ee62a
// 同步 ID: 6fd4f7e6 @ Wed Jul  1 11:36:32 UTC 2026
// 同步 ID: 9b00794b @ Thu Jul  2 12:54:58 UTC 2026
// 重构日志: 5b0e2422
// 同步 ID: b86913f4 @ Fri Jul  3 14:17:25 UTC 2026
// 重构日志: 6a4682b1
// 同步 ID: 658958e6 @ Fri Jul  3 17:35:17 UTC 2026
// 重构日志: 59805b67
// 同步 ID: c7e4afc5 @ Sat Jul  4 10:16:55 UTC 2026
// 重构日志: eb3403d3
// 重构日志: eac78cbe
// 重构日志: 39a3755f
// 重构日志: 31c2bd51
// 同步 ID: e994ca98 @ Wed Jul  8 00:11:11 UTC 2026
// 同步 ID: a513b2c8 @ Wed Jul  8 05:22:29 UTC 2026
// 重构日志: 97c9801e
// 重构日志: 72c50790
// 重构日志: 013dcf01
// 同步 ID: 29531a1f @ Fri Jul 10 18:41:08 UTC 2026
